tm_stm32f4_mfrc522.c:23:6:TM_MFRC522_Init	8	static
tm_stm32f4_mfrc522.c:43:21:TM_MFRC522_Check	24	static
tm_stm32f4_mfrc522.c:57:21:TM_MFRC522_Compare	24	static
tm_stm32f4_mfrc522.c:83:6:TM_MFRC522_WriteRegister	32	static
tm_stm32f4_mfrc522.c:106:9:TM_MFRC522_ReadRegister	32	static
tm_stm32f4_mfrc522.c:122:6:TM_MFRC522_SetBitMask	16	static
tm_stm32f4_mfrc522.c:126:6:TM_MFRC522_ClearBitMask	16	static
tm_stm32f4_mfrc522.c:130:6:TM_MFRC522_AntennaOn	16	static
tm_stm32f4_mfrc522.c:139:6:TM_MFRC522_AntennaOff	8	static
tm_stm32f4_mfrc522.c:143:6:TM_MFRC522_Reset	8	static
tm_stm32f4_mfrc522.c:147:21:TM_MFRC522_Request	32	static
tm_stm32f4_mfrc522.c:163:21:TM_MFRC522_ToCard	40	static
tm_stm32f4_mfrc522.c:250:21:TM_MFRC522_Anticoll	32	static
tm_stm32f4_mfrc522.c:274:6:TM_MFRC522_CalculateCRC	40	static
tm_stm32f4_mfrc522.c:299:9:TM_MFRC522_SelectTag	40	static
tm_stm32f4_mfrc522.c:323:21:TM_MFRC522_Auth	48	static
tm_stm32f4_mfrc522.c:347:21:TM_MFRC522_Read	32	static
tm_stm32f4_mfrc522.c:363:21:TM_MFRC522_Write	48	static
tm_stm32f4_mfrc522.c:394:6:TM_MFRC522_Halt	24	static
